Nothing to build in platform 'hdmi_workspace'

12:17:54 **** Incremental Build of configuration Debug for project snake_game ****
make all 
make --no-print-directory pre-build
a9-linaro-pre-build-step
' '
make --no-print-directory main-build
'Building file: ../src/hdmi_snake_game.c'
'Invoking: ARM v7 gcc compiler'
arm-none-eabi-gcc -Wall -O0 -g3 -c -fmessage-length=0 -MT"src/hdmi_snake_game.o" -mcpu=cortex-a9 -mfpu=vfpv3 -mfloat-abi=hard -IC:/Users/caspe/ZYBO-Snake-Game/workspace_hdmi/hdmi_workspace/export/hdmi_workspace/sw/hdmi_workspace/standalone_domain/bspinclude/include -MMD -MP -MF"src/hdmi_snake_game.d" -MT"src/hdmi_snake_game.o" -o "src/hdmi_snake_game.o" "../src/hdmi_snake_game.c"
'Finished building: ../src/hdmi_snake_game.c'
' '
'Building target: snake_game.elf'
'Invoking: ARM v7 gcc linker'
arm-none-eabi-gcc -mcpu=cortex-a9 -mfpu=vfpv3 -mfloat-abi=hard -Wl,-build-id=none -specs=Xilinx.spec -Wl,-T -Wl,../src/lscript.ld -LC:/Users/caspe/ZYBO-Snake-Game/workspace_hdmi/hdmi_workspace/export/hdmi_workspace/sw/hdmi_workspace/standalone_domain/bsplib/lib -o "snake_game.elf"  ./src/zybo_z7_hdmi/display_ctrl.o ./src/zybo_z7_hdmi/dynclk.o  ./src/hdmi_snake_game.o ./src/platform.o   -Wl,--start-group,-lxil,-lgcc,-lc,--end-group
'Finished building target: snake_game.elf'
' '
'Invoking: ARM v7 Print Size'
arm-none-eabi-size snake_game.elf  |tee "snake_game.elf.size"
   text	   data	    bss	    dec	    hex	filename
  81508	   2684	10393568	10477760	 9fe0c0	snake_game.elf
'Finished building: snake_game.elf.size'
' '
12:17:56 **** Incremental Build of configuration Debug for project snake_game_system ****
make all 
Generating bif file for the system project
generate_system_bif.bat 55136 C:/Users/caspe/ZYBO-Snake-Game/workspace_hdmi/hdmi_workspace/export/hdmi_workspace/hdmi_workspace.xpfm standalone_domain C:/Users/caspe/ZYBO-Snake-Game/workspace_hdmi/snake_game_system/Debug/system.bif
sdcard_gen --xpfm C:/Users/caspe/ZYBO-Snake-Game/workspace_hdmi/hdmi_workspace/export/hdmi_workspace/hdmi_workspace.xpfm --sys_config hdmi_workspace --bif C:/Users/caspe/ZYBO-Snake-Game/workspace_hdmi/snake_game_system/Debug/system.bif --bitstream C:/Users/caspe/ZYBO-Snake-Game/workspace_hdmi/snake_game/_ide/bitstream/design_1_wrapper.bit --elf C:/Users/caspe/ZYBO-Snake-Game/workspace_hdmi/snake_game/Debug/snake_game.elf,ps7_cortexa9_0
creating BOOT.BIN using C:/Users/caspe/ZYBO-Snake-Game/workspace_hdmi/snake_game/_ide/bitstream/design_1_wrapper.bit
Running D:/Xilinx/Vitis/2020.2/bin/bootgen  -image C:/Users/caspe/ZYBO-Snake-Game/workspace_hdmi/snake_game_system/Debug/sd_card_temp/boot.bif -w -o i BOOT.BIN
