19:46:07 **** Incremental Build of configuration Debug for project snake_game2 ****
make all 
make --no-print-directory pre-build
a9-linaro-pre-build-step
' '
make --no-print-directory main-build
'Building file: ../src/hdmi_example_anim.c'
'Invoking: ARM v7 gcc compiler'
arm-none-eabi-gcc -Wall -O0 -g3 -c -fmessage-length=0 -MT"src/hdmi_example_anim.o" -mcpu=cortex-a9 -mfpu=vfpv3 -mfloat-abi=hard -ID:/ES/workspace_hdmi/hdmi_workspace/export/hdmi_workspace/sw/hdmi_workspace/standalone_domain/bspinclude/include -MMD -MP -MF"src/hdmi_example_anim.d" -MT"src/hdmi_example_anim.o" -o "src/hdmi_example_anim.o" "../src/hdmi_example_anim.c"
'Finished building: ../src/hdmi_example_anim.c'
' '
'Building target: snake_game2.elf'
'Invoking: ARM v7 gcc linker'
arm-none-eabi-gcc -mcpu=cortex-a9 -mfpu=vfpv3 -mfloat-abi=hard -Wl,-build-id=none -specs=Xilinx.spec -Wl,-T -Wl,../src/lscript.ld -LD:/ES/workspace_hdmi/hdmi_workspace/export/hdmi_workspace/sw/hdmi_workspace/standalone_domain/bsplib/lib -o "snake_game2.elf"  ./src/zybo_z7_hdmi/display_ctrl.o ./src/zybo_z7_hdmi/dynclk.o  ./src/hdmi_example_anim.o ./src/platform.o   -Wl,--start-group,-lxil,-lgcc,-lc,--end-group
'Finished building target: snake_game2.elf'
' '
'Invoking: ARM v7 Print Size'
arm-none-eabi-size snake_game2.elf  |tee "snake_game2.elf.size"
   text	   data	    bss	    dec	    hex	filename
  79124	   2684	10393536	10475344	 9fd750	snake_game2.elf
'Finished building: snake_game2.elf.size'
' '

19:46:08 Build Finished (took 1s.27ms)

